###############################################################################
#
# IAR ELF Linker V9.10.2.313/W64 for ARM                  10/Mar/2022  10:04:00
# Copyright 2007-2021 IAR Systems AB.
#
#    Output file  =
#        C:\Users\Garn\Documents\Project\TESTMX\NEW4\EWARM\NEW4\Exe\NEW4.out
#    Map file     =
#        C:\Users\Garn\Documents\Project\TESTMX\NEW4\EWARM\NEW4\List\NEW4.map
#    Command line =
#        -f
#        C:\Users\Garn\Documents\Project\TESTMX\NEW4\EWARM\NEW4\Exe\NEW4.out.rsp
#        (C:\Users\Garn\Documents\Project\TESTMX\NEW4\EWARM\NEW4\Obj\Application\User\Core\Src\fonts.o
#        C:\Users\Garn\Documents\Project\TESTMX\NEW4\EWARM\NEW4\Obj\Application\User\Core\Src\ILI9341_GFX.o
#        C:\Users\Garn\Documents\Project\TESTMX\NEW4\EWARM\NEW4\Obj\Application\User\Core\Src\ILI9341_STM32_Driver.o
#        C:\Users\Garn\Documents\Project\TESTMX\NEW4\EWARM\NEW4\Obj\Application\User\Core\Src\main.o
#        C:\Users\Garn\Documents\Project\TESTMX\NEW4\EWARM\NEW4\Obj\Application\EWARM\startup_stm32f407xx.o
#        C:\Users\Garn\Documents\Project\TESTMX\NEW4\EWARM\NEW4\Obj\Drivers\STM32F4xx_HAL_Driver\stm32f4xx_hal.o
#        C:\Users\Garn\Documents\Project\TESTMX\NEW4\EWARM\NEW4\Obj\Drivers\STM32F4xx_HAL_Driver\stm32f4xx_hal_cortex.o
#        C:\Users\Garn\Documents\Project\TESTMX\NEW4\EWARM\NEW4\Obj\Drivers\STM32F4xx_HAL_Driver\stm32f4xx_hal_dma.o
#        C:\Users\Garn\Documents\Project\TESTMX\NEW4\EWARM\NEW4\Obj\Drivers\STM32F4xx_HAL_Driver\stm32f4xx_hal_dma_ex.o
#        C:\Users\Garn\Documents\Project\TESTMX\NEW4\EWARM\NEW4\Obj\Drivers\STM32F4xx_HAL_Driver\stm32f4xx_hal_exti.o
#        C:\Users\Garn\Documents\Project\TESTMX\NEW4\EWARM\NEW4\Obj\Drivers\STM32F4xx_HAL_Driver\stm32f4xx_hal_flash.o
#        C:\Users\Garn\Documents\Project\TESTMX\NEW4\EWARM\NEW4\Obj\Drivers\STM32F4xx_HAL_Driver\stm32f4xx_hal_flash_ex.o
#        C:\Users\Garn\Documents\Project\TESTMX\NEW4\EWARM\NEW4\Obj\Drivers\STM32F4xx_HAL_Driver\stm32f4xx_hal_flash_ramfunc.o
#        C:\Users\Garn\Documents\Project\TESTMX\NEW4\EWARM\NEW4\Obj\Drivers\STM32F4xx_HAL_Driver\stm32f4xx_hal_gpio.o
#        C:\Users\Garn\Documents\Project\TESTMX\NEW4\EWARM\NEW4\Obj\Application\User\Core\Src\stm32f4xx_hal_msp.o
#        C:\Users\Garn\Documents\Project\TESTMX\NEW4\EWARM\NEW4\Obj\Drivers\STM32F4xx_HAL_Driver\stm32f4xx_hal_pwr.o
#        C:\Users\Garn\Documents\Project\TESTMX\NEW4\EWARM\NEW4\Obj\Drivers\STM32F4xx_HAL_Driver\stm32f4xx_hal_pwr_ex.o
#        C:\Users\Garn\Documents\Project\TESTMX\NEW4\EWARM\NEW4\Obj\Drivers\STM32F4xx_HAL_Driver\stm32f4xx_hal_rcc.o
#        C:\Users\Garn\Documents\Project\TESTMX\NEW4\EWARM\NEW4\Obj\Drivers\STM32F4xx_HAL_Driver\stm32f4xx_hal_rcc_ex.o
#        C:\Users\Garn\Documents\Project\TESTMX\NEW4\EWARM\NEW4\Obj\Drivers\STM32F4xx_HAL_Driver\stm32f4xx_hal_spi.o
#        C:\Users\Garn\Documents\Project\TESTMX\NEW4\EWARM\NEW4\Obj\Drivers\STM32F4xx_HAL_Driver\stm32f4xx_hal_tim.o
#        C:\Users\Garn\Documents\Project\TESTMX\NEW4\EWARM\NEW4\Obj\Drivers\STM32F4xx_HAL_Driver\stm32f4xx_hal_tim_ex.o
#        C:\Users\Garn\Documents\Project\TESTMX\NEW4\EWARM\NEW4\Obj\Drivers\STM32F4xx_HAL_Driver\stm32f4xx_hal_uart.o
#        C:\Users\Garn\Documents\Project\TESTMX\NEW4\EWARM\NEW4\Obj\Application\User\Core\Src\stm32f4xx_it.o
#        C:\Users\Garn\Documents\Project\TESTMX\NEW4\EWARM\NEW4\Obj\Drivers\CMSIS\system_stm32f4xx.o
#        --no_out_extension -o
#        C:\Users\Garn\Documents\Project\TESTMX\NEW4\EWARM\NEW4\Exe\NEW4.out
#        --redirect _Printf=_PrintfFullNoMb --redirect _Scanf=_ScanfFullNoMb
#        --map
#        C:\Users\Garn\Documents\Project\TESTMX\NEW4\EWARM\NEW4\List\NEW4.map
#        --config
#        C:\Users\Garn\Documents\Project\TESTMX\NEW4\EWARM/stm32f407xx_flash.icf
#        --semihosting --entry __iar_program_start --vfe --text_out locale)
#
###############################################################################

*******************************************************************************
*** RUNTIME MODEL ATTRIBUTES
***

CppFlavor       = *
__Heap_Handler  = Basic
__SystemLibrary = DLib
__dlib_version  = 6


*******************************************************************************
*** HEAP SELECTION
***

The basic heap was selected because no calls to memory allocation
functions were found in the application outside of system library
functions, and there are calls to deallocation functions in the
application.


*******************************************************************************
*** PLACEMENT SUMMARY
***

"A0":  place at address 0x800'0000 { ro section .intvec };
"P1":  place in [from 0x800'0000 to 0x80f'ffff] { ro };
define block CSTACK with size = 1K, alignment = 8 { };
define block HEAP with size = 512, alignment = 8 { };
"P2":  place in [from 0x2000'0000 to 0x2001'ffff] {
          rw, block CSTACK, block HEAP };
initialize by copy { rw };

  Section            Kind         Address    Size  Object
  -------            ----         -------    ----  ------
"A0":                                       0x188
  .intvec            ro code   0x800'0000   0x188  startup_stm32f407xx.o [1]
                             - 0x800'0188   0x188

"P1":                                      0x92b4
  .rodata            const     0x800'0188  0x4f24  fonts.o [2]
  .text              ro code   0x800'50ac   0xf2e  xprintffull_nomb.o [5]
  .text              ro code   0x800'5fda    0x2a  copy_init3.o [7]
  .text              ro code   0x800'6004    0x16  strchr.o [7]
  .text              ro code   0x800'601a     0xa  xsprout.o [5]
  .text              ro code   0x800'6024    0x40  xfail_s.o [5]
  .text              ro code   0x800'6064    0x14  strlen_small.o [7]
  .text              ro code   0x800'6078    0x58  memchr.o [7]
  .text              ro code   0x800'60d0    0xa6  ABImemcpy.o [7]
  .rodata            const     0x800'6176     0x2  xlocale_c.o [5]
  .text              ro code   0x800'6178    0x70  frexp.o [6]
  .text              ro code   0x800'61e8    0x34  DblCmpLe.o [6]
  .text              ro code   0x800'621c    0x34  DblCmpGe.o [6]
  .text              ro code   0x800'6250   0x13a  ldexp.o [6]
  .rodata            const     0x800'638a     0x1  xlocale_c.o [5]
  .text              ro code   0x800'638c    0x36  DblToS32.o [6]
  .text              ro code   0x800'63c4    0x22  S32ToDbl.o [6]
  .text              ro code   0x800'63e8   0x24e  DblAddSub.o [6]
  .text              ro code   0x800'6638   0x246  DblDiv.o [6]
  .text              ro code   0x800'6880    0x22  DblToU32.o [6]
  .text              ro code   0x800'68a4    0x1c  U32ToDbl.o [6]
  .text              ro code   0x800'68c0   0x1aa  DblMul.o [6]
  .text              ro code   0x800'6a6c     0x8  xlocale_c.o [5]
  .text              ro code   0x800'6a74   0x106  I64DivMod_small.o [7]
  .text              ro code   0x800'6b7a     0x6  abort.o [5]
  .text              ro code   0x800'6b80     0x2  I64DivZer.o [7]
  .text              ro code   0x800'6b84    0x14  exit.o [8]
  .text              ro code   0x800'6b98   0x79c  main.o [2]
  .text              ro code   0x800'7334    0x34  stm32f4xx_hal.o [4]
  .text              ro code   0x800'7368     0x6  ABImemclr4.o [7]
  .text              ro code   0x800'7370   0x204  stm32f4xx_hal_gpio.o [4]
  .text              ro code   0x800'7574   0x28c  stm32f4xx_hal_uart.o [4]
  .text              ro code   0x800'7800    0xc4  stm32f4xx_hal_cortex.o [4]
  .text              ro code   0x800'78c4   0x640  stm32f4xx_hal_spi.o [4]
  .text              ro code   0x800'7f04   0x4fe  ILI9341_STM32_Driver.o [2]
  .text              ro code   0x800'8404    0x28  stm32f4xx_hal.o [4]
  .text              ro code   0x800'842c    0xcc  ILI9341_GFX.o [2]
  .text              ro code   0x800'84f8    0x40  sprintf.o [5]
  .text              ro code   0x800'8538   0x31c  stm32f4xx_hal_rcc.o [4]
  .text              ro code   0x800'8854   0x14c  stm32f4xx_hal_rcc.o [4]
  .text              ro code   0x800'89a0    0x40  stm32f4xx_hal.o [4]
  .text              ro code   0x800'89e0   0x144  stm32f4xx_hal_msp.o [2]
  .text              ro code   0x800'8b24    0x32  ABImemset48.o [7]
  .text              ro code   0x800'8b58     0xc  stm32f4xx_hal.o [4]
  .text              ro code   0x800'8b64   0x384  stm32f4xx_hal_dma.o [4]
  .text              ro code   0x800'8ee8     0x2  stm32f4xx_hal_spi.o [4]
  .text              ro code   0x800'8eea     0x2  stm32f4xx_hal_spi.o [4]
  .text              ro code   0x800'8eec    0x16  vla_alloc.o [5]
  .text              ro code   0x800'8f04    0x60  stm32f4xx_hal_rcc.o [4]
  .text              ro code   0x800'8f64    0x14  memset.o [7]
  .text              ro code   0x800'8f78   0x13c  heap0.o [5]
  .text              ro code   0x800'90b4     0x4  heaptramp0.o [5]
  .text              ro code   0x800'90b8    0x66  ABImemset.o [7]
  .text              ro code   0x800'9120    0x2c  xgetmemchunk.o [5]
  Initializer bytes  const     0x800'914c    0x4c  <for P2-1>
  .text              ro code   0x800'9198    0x38  zero_init3.o [7]
  .text              ro code   0x800'91d0    0x28  stm32f4xx_it.o [2]
  .text              ro code   0x800'91f8    0x10  stm32f4xx_hal.o [4]
  .text              ro code   0x800'9208    0x28  data_init.o [7]
  .text              ro code   0x800'9230    0x22  fpinit_M.o [6]
  .iar.init_table    const     0x800'9254    0x24  - Linker created -
  .text              ro code   0x800'9278    0x20  system_stm32f4xx.o [3]
  .text              ro code   0x800'9298    0x1e  cmain.o [7]
  .text              ro code   0x800'92b6     0x4  low_level_init.o [5]
  .text              ro code   0x800'92ba     0x4  exit.o [5]
  .text              ro code   0x800'92c0     0xa  cexit.o [7]
  .text              ro code   0x800'92cc    0x1c  cstartup_M.o [7]
  .text              ro code   0x800'92e8    0x10  startup_stm32f407xx.o [1]
  .rodata            const     0x800'92f8     0x8  system_stm32f4xx.o [3]
  .text              ro code   0x800'9300     0x4  startup_stm32f407xx.o [1]
  .text              ro code   0x800'9304     0x4  startup_stm32f407xx.o [1]
  .text              ro code   0x800'9308     0x4  startup_stm32f407xx.o [1]
  .text              ro code   0x800'930c     0x4  startup_stm32f407xx.o [1]
  .text              ro code   0x800'9310     0x4  startup_stm32f407xx.o [1]
  .text              ro code   0x800'9314     0x4  startup_stm32f407xx.o [1]
  .text              ro code   0x800'9318     0x4  startup_stm32f407xx.o [1]
  .text              ro code   0x800'931c     0x4  startup_stm32f407xx.o [1]
  .text              ro code   0x800'9320     0x4  startup_stm32f407xx.o [1]
  .text              ro code   0x800'9324     0x4  startup_stm32f407xx.o [1]
  .text              ro code   0x800'9328     0x4  startup_stm32f407xx.o [1]
  .text              ro code   0x800'932c     0x4  startup_stm32f407xx.o [1]
  .text              ro code   0x800'9330     0x4  startup_stm32f407xx.o [1]
  .text              ro code   0x800'9334     0x4  startup_stm32f407xx.o [1]
  .text              ro code   0x800'9338     0x4  startup_stm32f407xx.o [1]
  .text              ro code   0x800'933c     0x4  startup_stm32f407xx.o [1]
  .text              ro code   0x800'9340     0x4  startup_stm32f407xx.o [1]
  .text              ro code   0x800'9344     0x4  startup_stm32f407xx.o [1]
  .text              ro code   0x800'9348     0x4  startup_stm32f407xx.o [1]
  .text              ro code   0x800'934c     0x4  startup_stm32f407xx.o [1]
  .text              ro code   0x800'9350     0x4  startup_stm32f407xx.o [1]
  .text              ro code   0x800'9354     0x4  startup_stm32f407xx.o [1]
  .text              ro code   0x800'9358     0x4  startup_stm32f407xx.o [1]
  .text              ro code   0x800'935c     0x4  startup_stm32f407xx.o [1]
  .text              ro code   0x800'9360     0x4  startup_stm32f407xx.o [1]
  .text              ro code   0x800'9364     0x4  startup_stm32f407xx.o [1]
  .text              ro code   0x800'9368     0x4  startup_stm32f407xx.o [1]
  .text              ro code   0x800'936c     0x4  startup_stm32f407xx.o [1]
  .text              ro code   0x800'9370     0x4  startup_stm32f407xx.o [1]
  .text              ro code   0x800'9374     0x4  startup_stm32f407xx.o [1]
  .text              ro code   0x800'9378     0x4  startup_stm32f407xx.o [1]
  .text              ro code   0x800'937c     0x4  startup_stm32f407xx.o [1]
  .text              ro code   0x800'9380     0x4  startup_stm32f407xx.o [1]
  .text              ro code   0x800'9384     0x4  startup_stm32f407xx.o [1]
  .text              ro code   0x800'9388     0x4  startup_stm32f407xx.o [1]
  .text              ro code   0x800'938c     0x4  startup_stm32f407xx.o [1]
  .text              ro code   0x800'9390     0x4  startup_stm32f407xx.o [1]
  .text              ro code   0x800'9394     0x4  startup_stm32f407xx.o [1]
  .text              ro code   0x800'9398     0x4  startup_stm32f407xx.o [1]
  .text              ro code   0x800'939c     0x4  startup_stm32f407xx.o [1]
  .text              ro code   0x800'93a0     0x4  startup_stm32f407xx.o [1]
  .text              ro code   0x800'93a4     0x4  startup_stm32f407xx.o [1]
  .text              ro code   0x800'93a8     0x4  startup_stm32f407xx.o [1]
  .text              ro code   0x800'93ac     0x4  startup_stm32f407xx.o [1]
  .text              ro code   0x800'93b0     0x4  startup_stm32f407xx.o [1]
  .text              ro code   0x800'93b4     0x4  startup_stm32f407xx.o [1]
  .text              ro code   0x800'93b8     0x4  startup_stm32f407xx.o [1]
  .text              ro code   0x800'93bc     0x4  startup_stm32f407xx.o [1]
  .text              ro code   0x800'93c0     0x4  startup_stm32f407xx.o [1]
  .text              ro code   0x800'93c4     0x4  startup_stm32f407xx.o [1]
  .text              ro code   0x800'93c8     0x4  startup_stm32f407xx.o [1]
  .text              ro code   0x800'93cc     0x4  startup_stm32f407xx.o [1]
  .text              ro code   0x800'93d0     0x4  startup_stm32f407xx.o [1]
  .text              ro code   0x800'93d4     0x4  startup_stm32f407xx.o [1]
  .text              ro code   0x800'93d8     0x4  startup_stm32f407xx.o [1]
  .text              ro code   0x800'93dc     0x4  startup_stm32f407xx.o [1]
  .text              ro code   0x800'93e0     0x4  startup_stm32f407xx.o [1]
  .text              ro code   0x800'93e4     0x4  startup_stm32f407xx.o [1]
  .text              ro code   0x800'93e8     0x4  startup_stm32f407xx.o [1]
  .text              ro code   0x800'93ec     0x4  startup_stm32f407xx.o [1]
  .text              ro code   0x800'93f0     0x4  startup_stm32f407xx.o [1]
  .text              ro code   0x800'93f4     0x4  startup_stm32f407xx.o [1]
  .text              ro code   0x800'93f8     0x4  startup_stm32f407xx.o [1]
  .text              ro code   0x800'93fc     0x4  startup_stm32f407xx.o [1]
  .text              ro code   0x800'9400     0x4  startup_stm32f407xx.o [1]
  .text              ro code   0x800'9404     0x4  startup_stm32f407xx.o [1]
  .text              ro code   0x800'9408     0x4  startup_stm32f407xx.o [1]
  .text              ro code   0x800'940c     0x4  startup_stm32f407xx.o [1]
  .text              ro code   0x800'9410     0x4  startup_stm32f407xx.o [1]
  .text              ro code   0x800'9414     0x4  startup_stm32f407xx.o [1]
  .text              ro code   0x800'9418     0x4  startup_stm32f407xx.o [1]
  .text              ro code   0x800'941c     0x4  startup_stm32f407xx.o [1]
  .text              ro code   0x800'9420     0x4  startup_stm32f407xx.o [1]
  .text              ro code   0x800'9424     0x4  startup_stm32f407xx.o [1]
  .text              ro code   0x800'9428     0x4  startup_stm32f407xx.o [1]
  .text              ro code   0x800'942c     0x4  startup_stm32f407xx.o [1]
  .text              ro code   0x800'9430     0x4  startup_stm32f407xx.o [1]
  .text              ro code   0x800'9434     0x4  startup_stm32f407xx.o [1]
  .text              ro code   0x800'9438     0x4  startup_stm32f407xx.o [1]
  .rodata            const     0x800'943c     0x0  zero_init3.o [7]
  .rodata            const     0x800'943c     0x0  copy_init3.o [7]
                             - 0x800'943c  0x92b4

"P2", part 1 of 3:                           0x4c
  P2-1                        0x2000'0000    0x4c  <Init block>
    .data            inited   0x2000'0000     0xc  stm32f4xx_hal.o [4]
    .data            inited   0x2000'000c     0x4  system_stm32f4xx.o [3]
    .data            inited   0x2000'0010    0x38  xlocale_c.o [5]
    .data            inited   0x2000'0048     0x4  ILI9341_STM32_Driver.o [2]
                            - 0x2000'004c    0x4c

"P2", part 2 of 3:                          0x188
  .bss               zero     0x2000'004c    0x70  main.o [2]
  .bss               zero     0x2000'00bc    0x60  main.o [2]
  .bss               zero     0x2000'011c    0x58  main.o [2]
  .bss               zero     0x2000'0174    0x50  main.o [2]
  .bss               zero     0x2000'01c4     0x8  heap0.o [5]
  .bss               zero     0x2000'01cc     0x4  xfail_s.o [5]
  .bss               zero     0x2000'01d0     0x4  xgetmemchunk.o [5]
                            - 0x2000'01d4   0x188

"P2", part 3 of 3:                          0x600
  CSTACK                      0x2000'01d8   0x400  <Block>
    CSTACK           uninit   0x2000'01d8   0x400  <Block tail>
  HEAP                        0x2000'05d8   0x200  <Block>
    HEAP             uninit   0x2000'05d8   0x200  <Block tail>
                            - 0x2000'07d8   0x600

Unused ranges:

         From           To      Size
         ----           --      ----
   0x800'943c   0x80f'ffff  0xf'6bc4
  0x2000'01d4  0x2000'01d7       0x4
  0x2000'07d8  0x2001'ffff  0x1'f828


*******************************************************************************
*** INIT TABLE
***

          Address      Size
          -------      ----
Zero (__iar_zero_init3)
    1 destination range, total size 0x188:
          0x2000'004c  0x188

Copy (__iar_copy_init3)
    1 source range, total size 0x4c:
           0x800'914c   0x4c
    1 destination range, total size 0x4c:
          0x2000'0000   0x4c



*******************************************************************************
*** MODULE SUMMARY
***

    Module                  ro code  ro data  rw data
    ------                  -------  -------  -------
command line/config:
    -------------------------------------------------
    Total:

C:\Users\Garn\Documents\Project\TESTMX\NEW4\EWARM\NEW4\Obj\Application\EWARM: [1]
    startup_stm32f407xx.o       724
    -------------------------------------------------
    Total:                      724

C:\Users\Garn\Documents\Project\TESTMX\NEW4\EWARM\NEW4\Obj\Application\User\Core\Src: [2]
    ILI9341_GFX.o               204
    ILI9341_STM32_Driver.o    1'278        4        4
    fonts.o                           20'260
    main.o                    1'948               376
    stm32f4xx_hal_msp.o         324
    stm32f4xx_it.o               40
    -------------------------------------------------
    Total:                    3'794   20'264      380

C:\Users\Garn\Documents\Project\TESTMX\NEW4\EWARM\NEW4\Obj\Drivers\CMSIS: [3]
    system_stm32f4xx.o           32       12        4
    -------------------------------------------------
    Total:                       32       12        4

C:\Users\Garn\Documents\Project\TESTMX\NEW4\EWARM\NEW4\Obj\Drivers\STM32F4xx_HAL_Driver: [4]
    stm32f4xx_hal.o             184       12       12
    stm32f4xx_hal_cortex.o      196
    stm32f4xx_hal_dma.o         900
    stm32f4xx_hal_gpio.o        516
    stm32f4xx_hal_rcc.o       1'224
    stm32f4xx_hal_spi.o       1'604
    stm32f4xx_hal_uart.o        652
    -------------------------------------------------
    Total:                    5'276       12       12

dl7M_tlf.a: [5]
    abort.o                       6
    exit.o                        4
    heap0.o                     316                 8
    heaptramp0.o                  4
    low_level_init.o              4
    sprintf.o                    64
    vla_alloc.o                  22
    xfail_s.o                    64                 4
    xgetmemchunk.o               44                 4
    xlocale_c.o                   8       59       56
    xprintffull_nomb.o        3'886
    xsprout.o                    10
    -------------------------------------------------
    Total:                    4'432       59       72

m7M_tls.a: [6]
    DblAddSub.o                 590
    DblCmpGe.o                   52
    DblCmpLe.o                   52
    DblDiv.o                    582
    DblMul.o                    426
    DblToS32.o                   54
    DblToU32.o                   34
    S32ToDbl.o                   34
    U32ToDbl.o                   28
    fpinit_M.o                   34
    frexp.o                     112
    ldexp.o                     314
    -------------------------------------------------
    Total:                    2'312

rt7M_tl.a: [7]
    ABImemclr4.o                  6
    ABImemcpy.o                 166
    ABImemset.o                 102
    ABImemset48.o                50
    I64DivMod_small.o           262
    I64DivZer.o                   2
    cexit.o                      10
    cmain.o                      30
    copy_init3.o                 42
    cstartup_M.o                 28
    data_init.o                  40
    memchr.o                     88
    memset.o                     20
    strchr.o                     22
    strlen_small.o               20
    zero_init3.o                 56
    -------------------------------------------------
    Total:                      944

shb_l.a: [8]
    exit.o                       20
    -------------------------------------------------
    Total:                       20

    Gaps                         29        2
    Linker created                        36    1'536
-----------------------------------------------------
    Grand Total:             17'563   20'385    2'004


*******************************************************************************
*** ENTRY LIST
***

Entry                       Address    Size  Type      Object
-----                       -------    ----  ----      ------
.iar.init_table$$Base    0x800'9254           --   Gb  - Linker created -
.iar.init_table$$Limit   0x800'9278           --   Gb  - Linker created -
?main                    0x800'9299          Code  Gb  cmain.o [7]
AHBPrescTable            0x800'9288    0x10  Data  Gb  system_stm32f4xx.o [3]
APBPrescTable            0x800'92f8     0x8  Data  Gb  system_stm32f4xx.o [3]
Aldata                  0x2000'01c4     0x8  Data  Lc  heap0.o [5]
Arial_Narrow8x12         0x800'0188  0x4f24  Data  Gb  fonts.o [2]
BusFault_Handler         0x800'91d7     0x2  Code  Gb  stm32f4xx_it.o [2]
CSTACK$$Base            0x2000'01d8           --   Gb  - Linker created -
CSTACK$$Limit           0x2000'05d8           --   Gb  - Linker created -
DMA2_Stream3_IRQHandler
                         0x800'91eb     0x6  Code  Gb  stm32f4xx_it.o [2]
DMA_CalcBaseAndBitshift
                         0x800'8eb9    0x26  Code  Lc  stm32f4xx_hal_dma.o [4]
DMA_CalcBaseAndBitshift::flagBitshiftOffset
                         0x800'8ee0     0x8  Data  Lc  stm32f4xx_hal_dma.o [4]
DMA_SetConfig            0x800'8e99    0x20  Code  Lc  stm32f4xx_hal_dma.o [4]
DebugMon_Handler         0x800'91dd     0x2  Code  Gb  stm32f4xx_it.o [2]
Error_Handler            0x800'72d3     0x4  Code  Gb  main.o [2]
HAL_DMA_Abort_IT         0x800'8cb5    0x24  Code  Gb  stm32f4xx_hal_dma.o [4]
HAL_DMA_IRQHandler       0x800'8cd9   0x188  Code  Gb  stm32f4xx_hal_dma.o [4]
HAL_DMA_Init             0x800'8b65    0xee  Code  Gb  stm32f4xx_hal_dma.o [4]
HAL_DMA_Start_IT         0x800'8c53    0x62  Code  Gb  stm32f4xx_hal_dma.o [4]
HAL_Delay                0x800'8405    0x28  Code  Gb  stm32f4xx_hal.o [4]
HAL_GPIO_Init            0x800'7371   0x1c0  Code  Gb  stm32f4xx_hal_gpio.o [4]
HAL_GPIO_TogglePin       0x800'7539    0x10  Code  Gb  stm32f4xx_hal_gpio.o [4]
HAL_GPIO_WritePin        0x800'7531     0x8  Code  Gb  stm32f4xx_hal_gpio.o [4]
HAL_GetTick              0x800'8b59     0xc  Code  Gb  stm32f4xx_hal.o [4]
HAL_IncTick              0x800'91f9    0x10  Code  Gb  stm32f4xx_hal.o [4]
HAL_Init                 0x800'7335    0x30  Code  Gb  stm32f4xx_hal.o [4]
HAL_InitTick             0x800'89a1    0x40  Code  Gb  stm32f4xx_hal.o [4]
HAL_MspInit              0x800'89e1    0x34  Code  Gb  stm32f4xx_hal_msp.o [2]
HAL_NVIC_EnableIRQ       0x800'786f    0x16  Code  Gb  stm32f4xx_hal_cortex.o [4]
HAL_NVIC_SetPriority     0x800'7835    0x3a  Code  Gb  stm32f4xx_hal_cortex.o [4]
HAL_NVIC_SetPriorityGrouping
                         0x800'781b    0x1a  Code  Gb  stm32f4xx_hal_cortex.o [4]
HAL_RCC_ClockConfig      0x800'8855   0x100  Code  Gb  stm32f4xx_hal_rcc.o [4]
HAL_RCC_GetPCLK1Freq     0x800'8961    0x10  Code  Gb  stm32f4xx_hal_rcc.o [4]
HAL_RCC_GetPCLK2Freq     0x800'8971     0xe  Code  Gb  stm32f4xx_hal_rcc.o [4]
HAL_RCC_GetSysClockFreq
                         0x800'8f05    0x60  Code  Gb  stm32f4xx_hal_rcc.o [4]
HAL_RCC_OscConfig        0x800'8539   0x31c  Code  Gb  stm32f4xx_hal_rcc.o [4]
HAL_SPI_ErrorCallback    0x800'8ee9     0x2  Code  Gb  stm32f4xx_hal_spi.o [4]
HAL_SPI_IRQHandler       0x800'7bfd   0x102  Code  Gb  stm32f4xx_hal_spi.o [4]
HAL_SPI_Init             0x800'78c5    0xb4  Code  Gb  stm32f4xx_hal_spi.o [4]
HAL_SPI_MspInit          0x800'8a15    0x7e  Code  Gb  stm32f4xx_hal_msp.o [2]
HAL_SPI_Transmit         0x800'7979   0x130  Code  Gb  stm32f4xx_hal_spi.o [4]
HAL_SPI_Transmit_DMA     0x800'7b1b    0x7c  Code  Gb  stm32f4xx_hal_spi.o [4]
HAL_SPI_TxCpltCallback   0x800'7f05    0x12  Code  Gb  ILI9341_STM32_Driver.o [2]
HAL_SPI_TxHalfCpltCallback
                         0x800'8eeb     0x2  Code  Gb  stm32f4xx_hal_spi.o [4]
HAL_SYSTICK_Config       0x800'7885    0x28  Code  Gb  stm32f4xx_hal_cortex.o [4]
HAL_UART_Init            0x800'7575    0x1e  Code  Gb  stm32f4xx_hal_uart.o [4]
HAL_UART_MspInit         0x800'8a93    0x3c  Code  Gb  stm32f4xx_hal_msp.o [2]
HAL_UART_Receive         0x800'75eb    0xbe  Code  Gb  stm32f4xx_hal_uart.o [4]
HEAP$$Base              0x2000'05d8           --   Gb  - Linker created -
HEAP$$Limit             0x2000'07d8           --   Gb  - Linker created -
HardFault_Handler        0x800'91d3     0x2  Code  Gb  stm32f4xx_it.o [2]
ILI9341_DrawChar         0x800'842d    0x7e  Code  Gb  ILI9341_GFX.o [2]
ILI9341_DrawColorBurst   0x800'8283    0x82  Code  Gb  ILI9341_STM32_Driver.o [2]
ILI9341_DrawPixel        0x800'832f    0x6c  Code  Gb  ILI9341_STM32_Driver.o [2]
ILI9341_DrawRectangle    0x800'83a1    0x50  Code  Gb  ILI9341_STM32_Driver.o [2]
ILI9341_DrawText         0x800'84ab    0x4e  Code  Gb  ILI9341_GFX.o [2]
ILI9341_FillScreen       0x800'830f    0x20  Code  Gb  ILI9341_STM32_Driver.o [2]
ILI9341_Init             0x800'8031   0x208  Code  Gb  ILI9341_STM32_Driver.o [2]
ILI9341_Reset            0x800'7fe5    0x38  Code  Gb  ILI9341_STM32_Driver.o [2]
ILI9341_SPI_Tx           0x800'7f17    0x10  Code  Lc  ILI9341_STM32_Driver.o [2]
ILI9341_SetAddress       0x800'7f9b    0x4a  Code  Gb  ILI9341_STM32_Driver.o [2]
ILI9341_SetRotation      0x800'8239    0x46  Code  Gb  ILI9341_STM32_Driver.o [2]
ILI9341_WriteBuffer      0x800'7f5b    0x32  Code  Gb  ILI9341_STM32_Driver.o [2]
ILI9341_WriteCommand     0x800'7f27     0xc  Code  Gb  ILI9341_STM32_Driver.o [2]
ILI9341_WriteData        0x800'7f33     0xa  Code  Gb  ILI9341_STM32_Driver.o [2]
LCD_HEIGHT              0x2000'0048     0x2  Data  Gb  ILI9341_STM32_Driver.o [2]
LCD_WIDTH               0x2000'004a     0x2  Data  Gb  ILI9341_STM32_Driver.o [2]
MemManage_Handler        0x800'91d5     0x2  Code  Gb  stm32f4xx_it.o [2]
NMI_Handler              0x800'91d1     0x2  Code  Gb  stm32f4xx_it.o [2]
PendSV_Handler           0x800'91df     0x2  Code  Gb  stm32f4xx_it.o [2]
Region$$Table$$Base      0x800'9254           --   Gb  - Linker created -
Region$$Table$$Limit     0x800'9278           --   Gb  - Linker created -
SPI1_IRQHandler          0x800'91e5     0x6  Code  Gb  stm32f4xx_it.o [2]
SPI_DMAAbortOnError      0x800'7d9d     0xc  Code  Lc  stm32f4xx_hal_spi.o [4]
SPI_DMAError             0x800'7d7d    0x1e  Code  Lc  stm32f4xx_hal_spi.o [4]
SPI_DMAHalfTransmitCplt
                         0x800'7d75     0x6  Code  Lc  stm32f4xx_hal_spi.o [4]
SPI_DMATransmitCplt      0x800'7d01    0x48  Code  Lc  stm32f4xx_hal_spi.o [4]
SPI_EndRxTxTransaction   0x800'7e81    0x50  Code  Lc  stm32f4xx_hal_spi.o [4]
SPI_WaitFlagStateUntilTimeout
                         0x800'7dc1    0xb4  Code  Lc  stm32f4xx_hal_spi.o [4]
SVC_Handler              0x800'91db     0x2  Code  Gb  stm32f4xx_it.o [2]
SysTick_Handler          0x800'91e1     0x4  Code  Gb  stm32f4xx_it.o [2]
SystemClock_Config       0x800'7179    0x9e  Code  Gb  main.o [2]
SystemCoreClock         0x2000'000c     0x4  Data  Gb  system_stm32f4xx.o [3]
SystemInit               0x800'9279     0xc  Code  Gb  system_stm32f4xx.o [3]
UART_SetConfig           0x800'7739    0xb0  Code  Lc  stm32f4xx_hal_uart.o [4]
UART_WaitOnFlagUntilTimeout
                         0x800'76a9    0x5e  Code  Lc  stm32f4xx_hal_uart.o [4]
UsageFault_Handler       0x800'91d9     0x2  Code  Gb  stm32f4xx_it.o [2]
_LitobFullNoMb           0x800'5de1   0x10c  Code  Lc  xprintffull_nomb.o [5]
_Locale_lconv           0x2000'0010    0x38  Data  Lc  xlocale_c.o [5]
_PrintfFullNoMb          0x800'50ad   0xd06  Code  Gb  xprintffull_nomb.o [5]
_PutcharFullNoMb         0x800'5f45    0x20  Code  Lc  xprintffull_nomb.o [5]
_PutcharsFullNoMb        0x800'5f65    0x2e  Code  Lc  xprintffull_nomb.o [5]
_SProut                  0x800'601b     0xa  Code  Gb  xsprout.o [5]
__NVIC_SetPriority       0x800'7801    0x1a  Code  Lc  stm32f4xx_hal_cortex.o [4]
__aeabi_cdcmple          0x800'61e9          Code  Gb  DblCmpLe.o [6]
__aeabi_cdrcmple         0x800'621d          Code  Gb  DblCmpGe.o [6]
__aeabi_d2iz             0x800'638d          Code  Gb  DblToS32.o [6]
__aeabi_d2uiz            0x800'6881          Code  Gb  DblToU32.o [6]
__aeabi_ddiv             0x800'6639          Code  Gb  DblDiv.o [6]
__aeabi_dmul             0x800'68c1          Code  Gb  DblMul.o [6]
__aeabi_dsub             0x800'6555          Code  Gb  DblAddSub.o [6]
__aeabi_i2d              0x800'63c5          Code  Gb  S32ToDbl.o [6]
__aeabi_ldiv0            0x800'6b81          Code  Gb  I64DivZer.o [7]
__aeabi_memclr4          0x800'7369          Code  Gb  ABImemclr4.o [7]
__aeabi_memcpy           0x800'60d1          Code  Gb  ABImemcpy.o [7]
__aeabi_memcpy4          0x800'60f1          Code  Gb  ABImemcpy.o [7]
__aeabi_memcpy8          0x800'60f1          Code  Gb  ABImemcpy.o [7]
__aeabi_memset           0x800'90b9          Code  Gb  ABImemset.o [7]
__aeabi_ui2d             0x800'68a5          Code  Gb  U32ToDbl.o [6]
__basic_free             0x800'9025    0x16  Code  Gb  heap0.o [5]
__basic_free_intern      0x800'903b    0x74  Code  Lc  heap0.o [5]
__basic_malloc           0x800'8f79    0x18  Code  Gb  heap0.o [5]
__basic_malloc_intern    0x800'8f91    0x94  Code  Lc  heap0.o [5]
__cmain                  0x800'9299          Code  Gb  cmain.o [7]
__data_GetMemChunk       0x800'9121    0x2c  Code  Gb  xgetmemchunk.o [5]
__data_GetMemChunk::start
                        0x2000'01d0     0x4  Data  Lc  xgetmemchunk.o [5]
__exit                   0x800'6b85    0x14  Code  Gb  exit.o [8]
__iar_Fail_s             0x800'6025    0x1c  Code  Gb  xfail_s.o [5]
__iar_Memchr             0x800'6079          Code  Gb  memchr.o [7]
__iar_Memset             0x800'90b9          Code  Gb  ABImemset.o [7]
__iar_Memset4_word       0x800'8b25          Code  Gb  ABImemset48.o [7]
__iar_Memset8_word       0x800'8b25          Code  Gb  ABImemset48.o [7]
__iar_Memset_word        0x800'90c1          Code  Gb  ABImemset.o [7]
__iar_Strchr             0x800'6005          Code  Gb  strchr.o [7]
__iar_copy_init3         0x800'5fdb    0x2a  Code  Gb  copy_init3.o [7]
__iar_data_init3         0x800'9209    0x28  Code  Gb  data_init.o [7]
__iar_frexp              0x800'6185          Code  Gb  frexp.o [6]
__iar_frexpl             0x800'6185          Code  Gb  frexp.o [6]
__iar_init_vfp           0x800'9231          Code  Gb  fpinit_M.o [6]
__iar_ldexp64            0x800'6251          Code  Gb  ldexp.o [6]
__iar_program_start      0x800'92cd          Code  Gb  cstartup_M.o [7]
__iar_scalbln64          0x800'6251          Code  Gb  ldexp.o [6]
__iar_scalbn64           0x800'6251          Code  Gb  ldexp.o [6]
__iar_small_strlen       0x800'6065          Code  Gb  strlen_small.o [7]
__iar_small_uldivmod     0x800'6a75          Code  Gb  I64DivMod_small.o [7]
__iar_softfp___iar_frexp64
                         0x800'6179          Code  Gb  frexp.o [6]
__iar_softfp_frexp       0x800'6179          Code  Gb  frexp.o [6]
__iar_softfp_frexpl      0x800'6179          Code  Gb  frexp.o [6]
__iar_vla_alloc2         0x800'8eed    0x12  Code  Gb  vla_alloc.o [5]
__iar_vla_dealloc2       0x800'8eff     0x4  Code  Gb  vla_alloc.o [5]
__iar_zero_init3         0x800'9199    0x38  Code  Gb  zero_init3.o [7]
__low_level_init         0x800'92b7     0x4  Code  Gb  low_level_init.o [5]
__vector_table           0x800'0000          Data  Gb  startup_stm32f407xx.o [1]
_call_main               0x800'92a5          Code  Gb  cmain.o [7]
_exit                    0x800'92c1          Code  Gb  cexit.o [7]
abort                    0x800'6b7b     0x6  Code  Gb  abort.o [5]
backward                 0x800'7001    0x5e  Code  Gb  main.o [2]
buffer                  0x2000'004c     0x1  Data  Gb  main.o [2]
exit                     0x800'92bb     0x4  Code  Gb  exit.o [5]
forward                  0x800'6f9f    0x56  Code  Gb  main.o [2]
free                     0x800'90b5     0x4  Code  Gb  heaptramp0.o [5]
hdma_spi1_tx            0x2000'00bc    0x60  Data  Gb  main.o [2]
hspi1                   0x2000'011c    0x58  Data  Gb  main.o [2]
huart1                  0x2000'0050    0x44  Data  Gb  main.o [2]
ldexp                    0x800'6251          Code  Gb  ldexp.o [6]
ldexpl                   0x800'6251          Code  Gb  ldexp.o [6]
localeconv               0x800'6a6d     0x4  Code  Gb  xlocale_c.o [5]
main                     0x800'6b99   0x1b6  Code  Gb  main.o [2]
memchr                   0x800'6079          Code  Gb  memchr.o [7]
memset                   0x800'8f65    0x14  Code  Gb  memset.o [7]
monitor                  0x800'6f19    0x5a  Code  Gb  main.o [2]
monitor2                 0x800'6d69   0x176  Code  Gb  main.o [2]
monitor2::BufferText    0x2000'0094    0x28  Data  Lc  main.o [2]
monitor::BufferText     0x2000'0174    0x28  Data  Lc  main.o [2]
monitor::text           0x2000'019c    0x28  Data  Lc  main.o [2]
monitorwhite             0x800'6f73    0x26  Code  Gb  main.o [2]
resetpin                 0x800'7217    0x6a  Code  Lc  main.o [2]
scalbln                  0x800'6251          Code  Gb  ldexp.o [6]
scalblnl                 0x800'6251          Code  Gb  ldexp.o [6]
scalbn                   0x800'6251          Code  Gb  ldexp.o [6]
scalbnl                  0x800'6251          Code  Gb  ldexp.o [6]
scale                    0x800'5eed    0x46  Code  Lc  xprintffull_nomb.o [5]
sec_hand                0x2000'01cc     0x4  Data  Lc  xfail_s.o [5]
sprintf                  0x800'84f9    0x40  Code  Gb  sprintf.o [5]
strchr                   0x800'6005          Code  Gb  strchr.o [7]
turnleft                 0x800'705f    0x42  Code  Gb  main.o [2]
turnright                0x800'70e1    0x48  Code  Gb  main.o [2]
uwTick                  0x2000'0004     0x4  Data  Gb  stm32f4xx_hal.o [4]
uwTickFreq              0x2000'0000     0x1  Data  Gb  stm32f4xx_hal.o [4]
uwTickPrio              0x2000'0008     0x4  Data  Gb  stm32f4xx_hal.o [4]


[1] = C:\Users\Garn\Documents\Project\TESTMX\NEW4\EWARM\NEW4\Obj\Application\EWARM
[2] = C:\Users\Garn\Documents\Project\TESTMX\NEW4\EWARM\NEW4\Obj\Application\User\Core\Src
[3] = C:\Users\Garn\Documents\Project\TESTMX\NEW4\EWARM\NEW4\Obj\Drivers\CMSIS
[4] = C:\Users\Garn\Documents\Project\TESTMX\NEW4\EWARM\NEW4\Obj\Drivers\STM32F4xx_HAL_Driver
[5] = dl7M_tlf.a
[6] = m7M_tls.a
[7] = rt7M_tl.a
[8] = shb_l.a

  17'563 bytes of readonly  code memory
  20'385 bytes of readonly  data memory
   2'004 bytes of readwrite data memory

Errors: none
Warnings: none
